// Jest Snapshot v1, https://goo.gl/fbAQLP

exports[`ScrollView.vue should match the snapshot 1`] = `
<ul
  class="scroll-view"
>
  <li
    class="turn-btn turn-left disabled"
  >
    左
  </li>
   
  <li
    class="scroll-content"
  >
    <ul>
      <li>
        1
      </li>
       
      <li>
        2
      </li>
       
      <li>
        3
      </li>
       
      <li>
        4
      </li>
       
      <li>
        5
      </li>
       
      <li>
        6
      </li>
       
      <li>
        7
      </li>
       
      <li>
        8
      </li>
       
      <li>
        9
      </li>
       
      <li>
        10
      </li>
       
      <li>
        11
      </li>
       
      <li>
        12
      </li>
    </ul>
  </li>
   
  <li
    class="turn-btn turn-right"
  >
    右
  </li>
</ul>
`;
